------------------------------------------------------------
TimeQuest Timing Analyzer Summary
------------------------------------------------------------

Type  : Slow 1200mV 85C Model Setup 'ADC_CLK_10'
Slack : -927.092
TNS   : -9269.507

Type  : Slow 1200mV 85C Model Setup 'ADC_controller_template|adc_mega_0|ADC_CTRL|adc_pll|auto_generated|pll1|clk[0]'
Slack : -11.764
TNS   : -69.814

Type  : Slow 1200mV 85C Model Setup 'MAX10_CLK1_50'
Slack : -4.553
TNS   : -498.953

Type  : Slow 1200mV 85C Model Hold 'ADC_CLK_10'
Slack : 0.222
TNS   : 0.000

Type  : Slow 1200mV 85C Model Hold 'MAX10_CLK1_50'
Slack : 0.372
TNS   : 0.000

Type  : Slow 1200mV 85C Model Hold 'ADC_controller_template|adc_mega_0|ADC_CTRL|adc_pll|auto_generated|pll1|clk[0]'
Slack : 5.145
TNS   : 0.000

Type  : Slow 1200mV 85C Model Minimum Pulse Width 'MAX10_CLK1_50'
Slack : -3.000
TNS   : -207.074

Type  : Slow 1200mV 85C Model Minimum Pulse Width 'ADC_controller_template|adc_mega_0|ADC_CTRL|adc_pll|auto_generated|pll1|clk[0]'
Slack : 4.375
TNS   : 0.000

Type  : Slow 1200mV 85C Model Minimum Pulse Width 'ADC_CLK_10'
Slack : 4.460
TNS   : 0.000

Type  : Slow 1200mV 0C Model Setup 'ADC_CLK_10'
Slack : -928.023
TNS   : -9278.971

Type  : Slow 1200mV 0C Model Setup 'ADC_controller_template|adc_mega_0|ADC_CTRL|adc_pll|auto_generated|pll1|clk[0]'
Slack : -10.120
TNS   : -59.974

Type  : Slow 1200mV 0C Model Setup 'MAX10_CLK1_50'
Slack : -4.051
TNS   : -439.278

Type  : Slow 1200mV 0C Model Hold 'ADC_CLK_10'
Slack : 0.217
TNS   : 0.000

Type  : Slow 1200mV 0C Model Hold 'MAX10_CLK1_50'
Slack : 0.344
TNS   : 0.000

Type  : Slow 1200mV 0C Model Hold 'ADC_controller_template|adc_mega_0|ADC_CTRL|adc_pll|auto_generated|pll1|clk[0]'
Slack : 3.791
TNS   : 0.000

Type  : Slow 1200mV 0C Model Minimum Pulse Width 'MAX10_CLK1_50'
Slack : -3.000
TNS   : -207.074

Type  : Slow 1200mV 0C Model Minimum Pulse Width 'ADC_controller_template|adc_mega_0|ADC_CTRL|adc_pll|auto_generated|pll1|clk[0]'
Slack : 4.379
TNS   : 0.000

Type  : Slow 1200mV 0C Model Minimum Pulse Width 'ADC_CLK_10'
Slack : 4.476
TNS   : 0.000

Type  : Fast 1200mV 0C Model Setup 'ADC_CLK_10'
Slack : -844.492
TNS   : -8444.323

Type  : Fast 1200mV 0C Model Setup 'ADC_controller_template|adc_mega_0|ADC_CTRL|adc_pll|auto_generated|pll1|clk[0]'
Slack : -4.428
TNS   : -25.923

Type  : Fast 1200mV 0C Model Setup 'MAX10_CLK1_50'
Slack : -1.633
TNS   : -153.719

Type  : Fast 1200mV 0C Model Hold 'ADC_controller_template|adc_mega_0|ADC_CTRL|adc_pll|auto_generated|pll1|clk[0]'
Slack : -0.162
TNS   : -0.651

Type  : Fast 1200mV 0C Model Hold 'ADC_CLK_10'
Slack : 0.100
TNS   : 0.000

Type  : Fast 1200mV 0C Model Hold 'MAX10_CLK1_50'
Slack : 0.170
TNS   : 0.000

Type  : Fast 1200mV 0C Model Minimum Pulse Width 'MAX10_CLK1_50'
Slack : -3.000
TNS   : -199.848

Type  : Fast 1200mV 0C Model Minimum Pulse Width 'ADC_CLK_10'
Slack : 4.272
TNS   : 0.000

Type  : Fast 1200mV 0C Model Minimum Pulse Width 'ADC_controller_template|adc_mega_0|ADC_CTRL|adc_pll|auto_generated|pll1|clk[0]'
Slack : 4.903
TNS   : 0.000

------------------------------------------------------------
